Open Watcom Linker Version 1.8
Portions Copyright (c) 1985-2002 Sybase, Inc. All Rights Reserved.
Created on:       14/12/24 17:17:31
Executable Image: SlitScan.dll
creating a Windows NT dynamic link library


                        +------------+
                        |   Groups   |
                        +------------+

Group                           Address              Size
=====                           =======              ====

.idata                          00411000             0000091c
DGROUP                          00412000             0000b5b0



                        +--------------+
                        |   Segments   |
                        +--------------+

Segment                Class          Group          Address         Size
=======                =====          =====          =======         ====

BEGTEXT                CODE           AUTO           00401000        00000007
_TEXT                  CODE           AUTO           00401010        0000f350
TRANSFER CODE          CODE           AUTO           00410360        000001f2
.idata                 .idata         .idata         00411000        0000091c
_NULL                  BEGDATA        DGROUP         00412000        00000004
_AFTERNULL             BEGDATA        DGROUP         00412004        00000000
CONST                  DATA           DGROUP         00412004        0000059c
CONST2                 DATA           DGROUP         004125a0        00000d20
_DATA                  DATA           DGROUP         004132c0        00001a58
XIB                    DATA           DGROUP         00414d18        00000000
XI                     DATA           DGROUP         00414d18        00000024
XIE                    DATA           DGROUP         00414d3c        00000000
YIB                    DATA           DGROUP         00414d3c        00000000
YI                     DATA           DGROUP         00414d3c        0000002a
YIE                    DATA           DGROUP         00414d66        00000000
TIB                    DATA           DGROUP         00414d66        00000000
TI                     DATA           DGROUP         00414d66        00000000
TIE                    DATA           DGROUP         00414d66        00000000
DATA                   DATA           DGROUP         00414d66        00000000
_BSS                   BSS            DGROUP         00415000        000085a4
STACK                  STACK          DGROUP         0041d5b0        00000000


                        +----------------+
                        |   Memory Map   |
                        +----------------+

* = unreferenced symbol
+ = symbol only referenced locally

Address        Symbol
=======        ======

Module: SlitScan.obj(c:\Dev\Dev_Soft\SlitScan\Release\SlitScan.cpp)
00401010+      void near DrawBitmap( HWND__ near *, char near * )
00401122+      int near Kernel( _FilterActivation const near *, _FilterFunctions const near * )
004013b1+      short unsigned near * near ParseBitmap( char near *, int, int near *, int near *, int near *, int near * )
00401a80+      int near ThirdInt( void const near *, void const near * )
00401af6+      void near Button( int, HWND__ near * )
00402278+      int near StdWinDialog( HWND__ near *, int unsigned, int unsigned, long )
004024e1+      int near DialogWindow( _FilterActivation const near *, _FilterFunctions const near *, HWND__ near * )
00402527+      int near Parameters( _FilterActivation const near *, _FilterFunctions const near * )
00415000+      long unsigned near SlitPositions
00415004+      long unsigned near SlitSizes[]
00419004+      char near * near SlitPixels
00419008+      char near * near MonstroBuffer
0041900c+      int near FrameIndex
00419010+      int near MainDelay
00419014+      HINSTANCE__ near * near Hinst
00419018+      HBITMAP__ near * near Preview
004132c0+      tagBITMAPINFO near Format
0041901c+      HDC__ near * near HdlReal
00419020+      HDC__ near * near HdlCompat
00419024+      int near MapW
00419028+      int near MapH
0041902c+      int near TZX
00419030+      int near TZY
00419034+      char near * near PreBoth
00419038+      char near InfraredStylePalette[][3]
0041c038+      FilterDefinition near * near g_registeredFilterDef
00402552+      VirtualdubFilterModuleInit2
00402632+      VirtualdubFilterModuleDeinit
004026b6       _DllMain@12
004133f4+      FilterDefinition near myfilter_definition
Module: C:\WATCOM/lib386/nt\clib3r.lib(stk)
00402725       __CHK
00402735*      __STK
00402754       __STKOVERFLOW_
00402764       __GRO
00402784*      __alloca_probe
Module: C:\WATCOM/lib386/nt\plbxmt3r.lib(FSHAND)
00402798       ___wcpp_4_fs_handler_
Module: C:\WATCOM/lib386/nt\plbxmt3r.lib(fstconde.cpp)
004027b0       near std::fstream::fstream()
Module: C:\WATCOM/lib386/nt\plbxmt3r.lib(fstdestr.cpp)
004028e0       near std::fstream::~fstream()
Module: C:\WATCOM/lib386/nt\plbxmt3r.lib(flfoprot.cpp)
00412780       int const near std::filebuf::openprot
Module: C:\WATCOM/lib386/nt\plbxmt3r.lib(fsbopen.cpp)
004029e0       void near std::fstreambase::open( char const near *, int, int )
Module: C:\WATCOM/lib386/nt\clib3r.lib(nmalloc.c)
00402ae0       malloc_
00402af0       _nmalloc_
004134ec       ___nheapbeg
004134f0       ___MiniHeapRover
004134f4       ___LargestSizeB4MiniHeapRover
Module: C:\WATCOM/lib386/nt\clib3r.lib(nrealloc.c)
00402bf0       realloc_
00402c00+      _nrealloc_
Module: C:\WATCOM/lib386/nt\clib3r.lib(memset.c)
00402c80       memset_
Module: C:\WATCOM/lib386/nt\plbxmt3r.lib(istread.cpp)
00402ca0       std::istream near & near std::istream::read( char near *, int )
Module: C:\WATCOM/lib386/nt\clib3r.lib(nfree.c)
00402e70       free_
00402e80       _nfree_
0041c08c       ___MiniHeapFreeRover
Module: C:\WATCOM/lib386/nt\plbxmt3r.lib(fsbclose.cpp)
00402f90       void near std::fstreambase::close()
Module: C:\WATCOM/lib386/nt\clib3r.lib(qsort.c)
004030c0       qsort_
Module: C:\WATCOM/lib386/nt\clib3r.lib(sprintf.c)
00403770       sprintf_
Module: C:\WATCOM/lib386/nt\plbxmt3r.lib(undefed.cpp)
004037a0       __wcpp_4_undefed_cdtor__
Module: C:\WATCOM/lib386/nt\plbxmt3r.lib(undefmbd.cpp)
0041c090       ____wcpp_4_data_undefined_member_data_
Module: C:\WATCOM/lib386/nt\clib3r.lib(dstrt386)
004037c0       __DLLstart_
004037c0*      __DLLstartw_
004037c0*      _DllMainCRTStartup@12
004037c0*      _wDllMainCRTStartup@12
Module: C:\WATCOM/lib386/nt\plbxmt3r.lib(cppdata.cpp)
0041c094       __wint_thread_data_offset
0041c098       __compiled_under_NT
Module: C:\WATCOM/lib386/nt\clib3r.lib(xmsgwnt.c)
00403820       __exit_with_msg_
00403880       __fatal_runtime_error_
Module: C:\WATCOM/lib386/nt\clib3r.lib(mainwnt.c)
004134f8       ___TlsIndex
004134fc       ___FirstThreadData
00413500       ___GetThreadPtr
00413504       __AccessFileH
00413508       __ReleaseFileH
0041350c       __AccessIOB
00413510       __ReleaseIOB
00413514       __AccessNHeap
00413518       __AccessFHeap
0041351c       __ReleaseNHeap
004038b0*      __threadid_
00403920+      __sig_null_rtn_
00403930       __NTInit_
00403b20       __NTFini_
00403b80*      __NTMainInit_
00403be0       __exit_
00413520       __ReleaseFHeap
00413524       __AccessTDList
00413528       __ReleaseTDList
0041352c       __AccessFList
00413530       __ReleaseFList
00413534       __ThreadExitRtn
00413538       ___sig_init_rtn
0041353c       ___sig_fini_rtn
00413540       ___process_fini
0041c0a4       ___Is_DLL
Module: C:\WATCOM/lib386/nt\plbxmt3r.lib(fsregist.cpp)
00403c40+      char unsigned near * near findHandler( char unsigned near * )
00403c58+      __wcpp_4_dispatch_dummy__
00403c7c       __wcpp_4_fs_lookup__
00403d64       ___wcpp_4_fs_handler_rtn_
Module: C:\WATCOM/lib386/nt\plbxmt3r.lib(fsbconde.cpp)
00403e40       near std::fstreambase::fstreambase()
Module: C:\WATCOM/lib386/nt\plbxmt3r.lib(iotconde.cpp)
00403f10       near std::iostream::iostream()
Module: C:\WATCOM/lib386/nt\plbxmt3r.lib(iosconde.cpp)
00404040       near std::ios::ios()
Module: C:\WATCOM/lib386/nt\plbxmt3r.lib(iotdestr.cpp)
00404050       near std::iostream::~iostream()
Module: C:\WATCOM/lib386/nt\plbxmt3r.lib(fsbdestr.cpp)
00404150       near std::fstreambase::~fstreambase()
Module: C:\WATCOM/lib386/nt\plbxmt3r.lib(iosdestr.cpp)
00404230       near std::ios::~ios()
Module: C:\WATCOM/lib386/nt\plbxmt3r.lib(opdel.cpp)
004042c0       void near operator delete( void near * )
Module: C:\WATCOM/lib386/nt\plbxmt3r.lib(dtorarst.cpp)
004042d0       __wcpp_4_dtor_array_store__
Module: C:\WATCOM/lib386/nt\plbxmt3r.lib(opdelarr.cpp)
00404300       void near operator delete []( void near * )
Module: C:\WATCOM/lib386/nt\plbxmt3r.lib(iolglcon.cpp)
00404310       near __get_lock::__get_lock( __lock near * )
Module: C:\WATCOM/lib386/nt\plbxmt3r.lib(flfopen.cpp)
00404330       std::filebuf near * near std::filebuf::open( char const near *, int, int )
Module: C:\WATCOM/lib386/nt\plbxmt3r.lib(iossetst.cpp)
004044f0+      near std::ios::failure::failure( std::ios::failure const near & )
00404500+      near std::ios::failure::~failure()
00404510+      near __WATCOM_exception::__WATCOM_exception( __WATCOM_exception const near & )
00404520+      near __WATCOM_exception::~__WATCOM_exception()
00404450       void near std::ios::setstate( int )
Module: C:\WATCOM/lib386/nt\plbxmt3r.lib(iolgldes.cpp)
00404530       near __get_lock::~__get_lock()
Module: C:\WATCOM/lib386/nt\plbxmt3r.lib(iosclear.cpp)
00404550       int near std::ios::clear( int )
Module: C:\WATCOM/lib386/nt\clib3r.lib(nmemneed.c)
004045d0       __nmemneed_
Module: C:\WATCOM/lib386/nt\clib3r.lib(mem.c)
004045e0       __MemAllocator
00404690       __MemFree
Module: C:\WATCOM/lib386/nt\clib3r.lib(grownear.c)
00404930       __ExpandDGROUP_
Module: C:\WATCOM/lib386/nt\clib3r.lib(nmsize.c)
00404950*      _msize_
00404960       _nmsize_
Module: C:\WATCOM/lib386/nt\clib3r.lib(nexpand.c)
00404970*      _expand_
00404980+      __HeapManager_expand_
00404b30       _nexpand_
Module: C:\WATCOM/lib386/nt\clib3r.lib(__stos)
00404b80       __STOSB
00404bb7*      __STOSD
Module: C:\WATCOM/lib386/nt\plbxmt3r.lib(vfun_err.cpp)
00404c30       __wcpp_4_undef_vfun__
Module: C:\WATCOM/lib386/nt\plbxmt3r.lib(istdipfx.cpp)
00404c60       int near std::istream::do_ipfx( int )
Module: C:\WATCOM/lib386/nt\plbxmt3r.lib(istdread.cpp)
00404d80       std::istream near & near std::istream::do_read( char near *, int )
Module: C:\WATCOM/lib386/nt\plbxmt3r.lib(flfclose.cpp)
00404ef0       std::filebuf near * near std::filebuf::close()
Module: C:\WATCOM/lib386/nt\clib3r.lib(vsprintf.c)
00404fc0       vsprintf_
Module: C:\WATCOM/lib386/nt\plbxmt3r.lib(fatalerr.cpp)
00404fe0       __wcpp_4_fatal_runtime_error__
Module: C:\WATCOM/lib386/nt\clib3r.lib(dmainwnt.c)
00405020       __LibMain@12
Module: C:\WATCOM/lib386/nt\clib3r.lib(segdefns)
00401003       ___begtext
00412000*      __nullarea
00414d18       __Start_XI
00414d3c       __End_XI
00414d3c       __Start_YI
00414d66       __End_YI
Module: C:\WATCOM/lib386/nt\plbxmt3r.lib(thrddata.cpp)
004051d0       __wcpp_4_multi_thread_init__
Module: C:\WATCOM/lib386/nt\clib3r.lib(enterdb.c)
004051e0       __EnterWVIDEO_
00413578+      ___WD_Present
Module: C:\WATCOM/lib386/nt\clib3r.lib(hdlman.c)
0041357c+      ___NHandles
00413580+      ___OSHandles
00413584+      ___FakeHandles
00405210+      __growPOSIXHandles_
004052b0       __allocPOSIXHandle_
00405370       __freePOSIXHandle_
00405390       __getOSHandle_
004053b0       __setOSHandle_
00405400+      __NTGetFakeHandle_
00405480       __initPOSIXHandles_
00405570*      __set_handles_
00405580*      _grow_handles_
Module: C:\WATCOM/lib386/nt\clib3r.lib(crwdata)
004135d4       __osmajor
004135d5       __osminor
004135d6       __osbuild
004135d8       __osver
004135dc       __winmajor
004135e0       __winminor
004135e4       __winver
004135a0       __LpDllName
004135a4       __LpwCmdLine
004135a8       __LpwPgmName
004135ac       __LpwDllName
00413598       __LpCmdLine
0041359c       __LpPgmName
00413590*      __dynend
00413594       __curbrk
004135b0*      __STACKLOW
004135b4       __STACKTOP
004135b8*      __ASTACKSIZ
004135bc*      __ASTACKPTR
004135c0*      __cbyte
004135c4*      __cbyte2
004135c8*      __child
004135ce       __Envptr
004135d2*      __Envseg
004135cc*      __no87
004135e8       ___FPE_handler
Module: C:\WATCOM/lib386/nt\clib3r.lib(environ.c)
0041c6c4       ___env_mask
0041c6c8       _environ
0041c6cc       __wenviron
Module: C:\WATCOM/lib386/nt\clib3r.lib(getmodfn.c)
004055c0       __lib_GetModuleFileNameW_
Module: C:\WATCOM/lib386/nt\clib3r.lib(strdup.c)
00405660       __clib_strdup_
Module: C:\WATCOM/lib386/nt\clib3r.lib(istable.c)
004056a0       __IsTable
Module: C:\WATCOM/lib386/nt\clib3r.lib(ustrdup.c)
004057a1       __clib_wcsdup_
Module: C:\WATCOM/lib386/nt\clib3r.lib(excptwnt.c)
00405e30+      ___ReportException@4
00406280       __DefaultExceptionHandler_
004062c0+      ___ExceptionFilter
004064d0       __NewExceptionFilter_
00406500       __DoneExceptionFilter_
004135ec       ___oscode_check_func
004135f0       ___raise_func
0041c6d0*      _sw
0041c6d4+      ___ExceptionHandled
0041c6d5+      ___ReportInvoked
Module: C:\WATCOM/lib386/nt\clib3r.lib(stklmwnt.c)
00406540       __init_stack_limits_
Module: C:\WATCOM/lib386/nt\clib3r.lib(initrtns.c)
004065c0       __InitRtns
00406610       __FiniRtns
Module: C:\WATCOM/lib386/nt\plbxmt3r.lib(stabdtor.cpp)
00406910       __wcpp_4_destruct_internal__
00406930*      __wcpp_4_destruct_all__
00406938+      __wcpp_4_destruct__
Module: C:\WATCOM/lib386/nt\plbxmt3r.lib(stabdisp.cpp)
00406b5c       __wcpp_4_dispatchable__
Module: C:\WATCOM/lib386/nt\plbxmt3r.lib(flfconde.cpp)
00406bb0       near std::filebuf::filebuf()
Module: C:\WATCOM/lib386/nt\plbxmt3r.lib(iosinit.cpp)
00406bd0       void near std::ios::init( std::streambuf near * )
Module: C:\WATCOM/lib386/nt\plbxmt3r.lib(flfdestr.cpp)
00406c30       near std::filebuf::~filebuf()
Module: C:\WATCOM/lib386/nt\plbxmt3r.lib(istconde.cpp)
00406d30       near std::istream::istream()
Module: C:\WATCOM/lib386/nt\plbxmt3r.lib(ostconde.cpp)
00406df0       near std::ostream::ostream()
Module: C:\WATCOM/lib386/nt\plbxmt3r.lib(ostdestr.cpp)
00406e40       near std::ostream::~ostream()
Module: C:\WATCOM/lib386/nt\plbxmt3r.lib(istdestr.cpp)
00406f10       near std::istream::~istream()
Module: C:\WATCOM/lib386/nt\plbxmt3r.lib(ioufrxal.cpp)
00406fe0       void near __WATCOM_ios::free_xalloc_storage( std::ios near * )
Module: C:\WATCOM/lib386/nt\plbxmt3r.lib(stabadt.cpp)
00407000+      void near * near dtor_the_array( _RTARCTOR near * )
00407044       near _RTARCTOR::~_RTARCTOR()
0040705c       __wcpp_4_dtor_array__
Module: C:\WATCOM/lib386/nt\plbxmt3r.lib(lock.cpp)
004070d0       near __lock::__lock()
004070e8       near __lock::~__lock()
00407114       void near __lock::p()
0040711c       void near __lock::v()
00407124*      near __fn_lock::__fn_lock( __lock near * )
00407134*      near __fn_lock::~__fn_lock()
00414d48*      rt_init __based("YI") __wcpp_4_data_fini_sisema_
Module: C:\WATCOM/lib386/nt\clib3r.lib(plusopen.c)
00407160       __plusplus_open_
Module: C:\WATCOM/lib386/nt\plbxmt3r.lib(iosfail.cpp)
00407230       near std::ios::failure::failure( int )
Module: C:\WATCOM/lib386/nt\plbxmt3r.lib(stabthrw.cpp)
00407a30+      near std::exception::exception()
00407a80+      near std::exception::exception( std::exception const near & )
00407ad0+      near std::exception::exception( char const near * )
00407b20+      near std::exception::~exception()
00407bb0+      char const near * near std::exception::what() const
00407bf0+      near std::bad_exception::bad_exception()
00407c50+      near std::bad_exception::bad_exception( std::bad_exception const near & )
00407ca0+      near std::bad_exception::~bad_exception()
004078e4*      __wcpp_4_rethrow__
00407928*      __wcpp_4_catch_done__
00407990       __wcpp_4_throw__
004079d8*      __wcpp_4_throw_zero__
Module: C:\WATCOM/lib386/nt\clib3r.lib(amblksiz.c)
004136c0       __amblksiz
Module: C:\WATCOM/lib386/nt\clib3r.lib(heapen.c)
00407d80*      _heapenable_
004136c4       ___heap_enabled
Module: C:\WATCOM/lib386/nt\clib3r.lib(nheapmin.c)
00407db0       _heapshrink_
00407dc0*      _heapmin_
00407dd0*      _nheapmin_
00407e90       _nheapshrink_
Module: C:\WATCOM/lib386/nt\plbxmt3r.lib(prwdata.cpp)
0041c6e0       __wint_static_init_sema
0041c6f0       __wint_pure_error_flag
0041c6f2       __wint_undef_vfun_flag
0041c6f4       __wint_module_init
Module: C:\WATCOM/lib386/nt\plbxmt3r.lib(manws.cpp)
00407ed0       std::istream near & near std::ws( std::istream near & )
Module: C:\WATCOM/lib386/nt\plbxmt3r.lib(ostflush.cpp)
00407f70       std::ostream near & near std::ostream::flush()
Module: C:\WATCOM/lib386/nt\plbxmt3r.lib(pure_err.cpp)
00408020       __wcpp_4_pure_error__
Module: C:\WATCOM/lib386/nt\clib3r.lib(close.c)
00408050       close_
Module: C:\WATCOM/lib386/nt\clib3r.lib(prtf.c)
00408070       __prtf_
Module: C:\WATCOM/lib386/nt\clib3r.lib(exit.c)
00408d54+      __null_int23_exit_
00408d56       exit_
00408da6*      _exit_
004136c8+      ___int23_exit
004136cc+      ___FPE_handler_exit
Module: C:\WATCOM/lib386/nt\clib3r.lib(lmainwnt.c)
00408dc0       _LibMain@12
Module: C:\WATCOM/lib386/nt\clib3r.lib(rdllmwnt.c)
004136d0       __pRawDllMain
Module: C:\WATCOM/lib386/nt\clib3r.lib(mthread.c)
00408f90+      __CloseSemaphore_
00408fa0+      __AccessSemaphore_
00409000+      __ReleaseSemaphore_
00409060+      __AccessIOB_
00409070+      __ReleaseIOB_
00409080+      __AccessFileH_
00409090+      __ReleaseFileH_
004090a0+      __AccessNHeap_
004090b0+      __ReleaseNHeap_
004090c0+      __AccessFHeap_
004090d0+      __ReleaseFHeap_
004090e0+      __AccessTDList_
004090f0+      __ReleaseTDList_
00409100+      __AccessFList_
00409110+      __ReleaseFList_
00409120+      __MultipleThread_
00409180       __AllocInitThreadData_
004091d0       __FreeInitThreadData_
004091e0       __NTThreadInit_
00409270       __NTAddThread_
004092c0       __NTRemoveThread_
00409330       __InitMultipleThread_
004136d4       ___AccessSema4
004136d8       ___ReleaseSema4
004136dc       ___CloseSema4
Module: C:\WATCOM/lib386/nt\clib3r.lib(ddgrpwnt.c)
004095e0       __disallow_single_dgroup_
Module: C:\WATCOM/lib386/nt\clib3r.lib(cinit.c)
004096b0       __CommonInit_
Module: C:\WATCOM/lib386/nt\clib3r.lib(dosseg)
00001234       __DOSseg__
Module: C:\WATCOM/lib386/nt\clib3r.lib(regdata.c)
004096c0       __RegisterThreadDataSize_
Module: C:\WATCOM/lib386/nt\clib3r.lib(seterrno.c)
004096e8       __set_errno_
004096f6*      __set_EDOM_
00409704*      __set_ERANGE_
00409712*      __set_EINVAL_
00409725       __set_doserrno_
Module: C:\WATCOM/lib386/nt\clib3r.lib(iomode.c)
00409740       __GetIOMode_
00409760       __SetIOMode_nogrow_
004136e0       ___NFiles
004136e4       ___init_mode
00413734       ___io_mode
Module: C:\WATCOM/lib386/nt\clib3r.lib(stiomode.c)
00409780       __grow_iomode_
00409850+      __shrink_iomode_
00409890       __SetIOMode_
Module: C:\WATCOM/lib386/nt\clib3r.lib(setenvp.c)
00409900       __setenvp_
004099c0       __freeenvp_
Module: C:\WATCOM/lib386/nt\clib3r.lib(ustrlen.c)
00409a0d       wcslen_
Module: C:\WATCOM/lib386/nt\clib3r.lib(memcpy.c)
00409a20       memcpy_
Module: C:\WATCOM/lib386/nt\clib3r.lib(conutwnt.c)
00409a50*      __NTRealKey_
00409b00*      __NTConsoleInput_
00409b10       __NTConsoleOutput_
Module: C:\WATCOM/lib386/nt\clib3r.lib(fclex387.c)
00409b20       _ClearFPE_
Module: C:\WATCOM/lib386/nt\clib3r.lib(signlwnt.c)
00413740+      __SignalTable
00409b30+      __SetSignalFunc_
00409b80+      __GetSignalFunc_
00409bb0+      __GetSignalOSCode_
00409be0+      __CheckSignalExCode_
00409d20+      __sigabort_
00409d30       __sigfpe_handler_
00409d80*      signal_
00409e10+      raise_
00409e80+      __SigInit_
00409ed0+      __SigFini_
00409f10+      __sig_init_
Module: C:\WATCOM/lib386/nt\plbxmt3r.lib(stabtrav.cpp)
00409f30       __wcpp_4_stab_entry__
00409f48*      __wcpp_4_stab_trav_comp__
0040a02c       __wcpp_4_stab_trav_init__
0040a050       __wcpp_4_stab_trav_next__
0040a0a8       __wcpp_4_stab_trav_move__
Module: C:\WATCOM/lib386/nt\plbxmt3r.lib(callterm.cpp)
0040a0c0       __wcpp_4_corrupted_stack__
0040a0d4       __wcpp_4_call_terminate__
Module: C:\WATCOM/lib386/nt\plbxmt3r.lib(allocexc.cpp)
0040a124       __wcpp_4_alloc_exc__
0040a38c       __wcpp_4_free_exc__
0040a3d4       __wcpp_4_find_active__
0040a3f0       __wcpp_4_dtor_free_exc__
Module: C:\WATCOM/lib386/nt\plbxmt3r.lib(pgmthrd.cpp)
0040a4c0       __wcpp_4_pgm_thread__
Module: C:\WATCOM/lib386/nt\plbxmt3r.lib(tsequiv.cpp)
0040a4f0       __wcpp_4_ts_refed__
0040a508+      __wcpp_4_ts_pnted__
0040a53c       __wcpp_4_ts_equiv__
Module: C:\WATCOM/lib386/nt\plbxmt3r.lib(stfconde.cpp)
0040a630       near std::streambuf::streambuf()
Module: C:\WATCOM/lib386/nt\plbxmt3r.lib(stfdspun.cpp)
0040a690       int near std::streambuf::do_sputn( char const near *, int )
Module: C:\WATCOM/lib386/nt\plbxmt3r.lib(flfpbfai.cpp)
0040a7d0       int near std::filebuf::pbackfail( int )
Module: C:\WATCOM/lib386/nt\plbxmt3r.lib(flfoverf.cpp)
0040a9e0       int near std::filebuf::overflow( int )
Module: C:\WATCOM/lib386/nt\plbxmt3r.lib(flfundrf.cpp)
0040ad80       int near std::filebuf::underflow()
Module: C:\WATCOM/lib386/nt\plbxmt3r.lib(flfsetbf.cpp)
0040b0a0       std::streambuf near * near std::filebuf::setbuf( char near *, int )
Module: C:\WATCOM/lib386/nt\plbxmt3r.lib(flfseeko.cpp)
0040b180       long near std::filebuf::seekoff( long, int, int )
Module: C:\WATCOM/lib386/nt\plbxmt3r.lib(stfseekp.cpp)
0040b290       long near std::streambuf::seekpos( long, int )
Module: C:\WATCOM/lib386/nt\plbxmt3r.lib(flfsync.cpp)
0040b2a0       int near std::filebuf::sync()
Module: C:\WATCOM/lib386/nt\plbxmt3r.lib(stfdoall.cpp)
0040b410       int near std::streambuf::doallocate()
Module: C:\WATCOM/lib386/nt\plbxmt3r.lib(iosgnilk.cpp)
0040b4c0       __lock near * near __get_next_ios_lock()
Module: C:\WATCOM/lib386/nt\plbxmt3r.lib(stfdestr.cpp)
0040b560       near std::streambuf::~streambuf()
Module: C:\WATCOM/lib386/nt\clib3r.lib(liballoc.c)
0040b580       _plib_malloc_
0040b590       _plib_free_
Module: C:\WATCOM/lib386/nt\clib3r.lib(statwnt.c)
0040b6a3       stat_
Module: C:\WATCOM/lib386/nt\clib3r.lib(openwnt.c)
0040bae0*      open_
0040bb00       sopen_
Module: C:\WATCOM/lib386/nt\plbxmt3r.lib(exc_pr.cpp)
0040bb30       near _EXC_PR::_EXC_PR( _RTCTL near *, RW_DTREG near *, EXCSTATE )
0040bb5c       near _EXC_PR::~_EXC_PR()
0040bb6c       near _EXC_PR_FREE::_EXC_PR_FREE( _RTCTL near *, RW_DTREG near *, EXCSTATE, ACTIVE_EXC near * )
0040bb80       near _EXC_PR_FREE::~_EXC_PR_FREE()
0040bbb8       near _EXC_PR_DTOR::_EXC_PR_DTOR( _RTCTL near *, RW_DTREG near *, EXCSTATE, ACTIVE_EXC near * )
0040bbc8       near _EXC_PR_DTOR::~_EXC_PR_DTOR()
0040bbec       near _EXC_PR_FNEXC::_EXC_PR_FNEXC( _RTCTL near *, RW_DTREG near *, RW_DTREG near *, ACTIVE_EXC near * )
0040bc0c       near _EXC_PR_FNEXC::~_EXC_PR_FNEXC()
Module: C:\WATCOM/lib386/nt\plbxmt3r.lib(unexpect.cpp)
0040bc20       void near std::unexpected()
Module: C:\WATCOM/lib386/nt\clib3r.lib(setjmp)
0040bcb8*      _setjmp_
0040bcf1       longjmp_
Module: C:\WATCOM/lib386/nt\plbxmt3r.lib(stabinit.cpp)
0040bd80       __wcpp_4_exc_setup__
Module: C:\WATCOM/lib386/nt\clib3r.lib(stackwnt.c)
0040be20       stackavail_
Module: C:\WATCOM/lib386/nt\plbxmt3r.lib(istpeek.cpp)
0040be30       int near std::istream::peek()
Module: C:\WATCOM/lib386/nt\clib3r.lib(isspace.c)
0040bf20       isspace_
Module: C:\WATCOM/lib386/nt\plbxmt3r.lib(istget.cpp)
0040bf30       int near std::istream::get()
Module: C:\WATCOM/lib386/nt\clib3r.lib(_clsewnt.c)
0040c040       __close_
Module: C:\WATCOM/lib386/nt\clib3r.lib(wctomb.c)
0040c0a0       wctomb_
Module: C:\WATCOM/lib386/nt\clib3r.lib(itoa.c)
0040c0e0+      utoa_
0040c130       itoa_
Module: C:\WATCOM/lib386/nt\clib3r.lib(strupr.c)
0040c160       strupr_
Module: C:\WATCOM/lib386/nt\clib3r.lib(noefgfmt.c)
004137c8       ___EFG_printf
004137cc*      ___EFG_scanf
Module: C:\WATCOM/lib386/nt\clib3r.lib(lltoa.c)
0040c1d0       ulltoa_
0040c240*      lltoa_
Module: C:\WATCOM/lib386/nt\clib3r.lib(ltoa.c)
0040c270       ultoa_
0040c2c0*      ltoa_
Module: C:\WATCOM/lib386/nt\clib3r.lib(mbisdbcs.c)
0041d378       ___IsDBCS
Module: C:\WATCOM/lib386/nt\clib3r.lib(mbislead.c)
0040c2f0*      _ismbblead_
0041d37c       ___MBCSIsTable
Module: C:\WATCOM/lib386/nt\clib3r.lib(calloc.c)
0040c310       calloc_
Module: C:\WATCOM/lib386/nt\clib3r.lib(trdlist.c)
0040c380       __GetThreadData_
0040c3d0       __ReallocThreadData_
0040c4d0       __AddThreadData_
0040c550       __RemoveThreadData_
0040c5b0       __ResizeThreadDataList_
0040c5e0       __FreeThreadDataList_
0040c610*      __ActiveThreads_
Module: C:\WATCOM/lib386/nt\clib3r.lib(mthrdini.c)
0040c630       __InitThreadData_
004137d0       ___ThreadDataSize
Module: C:\WATCOM/lib386/nt\clib3r.lib(trdalloc.c)
0040c660       __FiniThreadProcessing_
Module: C:\WATCOM/lib386/nt\clib3r.lib(iomodtty.c)
0040c670       __ChkTTYIOMode_
0040c6c0*      __IOMode_
Module: C:\WATCOM/lib386/nt\clib3r.lib(dofilstr.c)
0040c700       __ParsePosixHandleStr_
Module: C:\WATCOM/lib386/nt\clib3r.lib(clearenv.c)
0040c820       clearenv_
Module: C:\WATCOM/lib386/nt\clib3r.lib(abort.c)
0040c8c5*      abort_
0040c8e0       __terminate_
004137d4       ___abort
Module: C:\WATCOM/lib386/nt\plbxmt3r.lib(bittest.cpp)
0040c900       __wcpp_4_bit_test__
0040c920       __wcpp_4_bit_off__
Module: C:\WATCOM/lib386/nt\plbxmt3r.lib(termnate.cpp)
0040c940       void near std::terminate()
Module: C:\WATCOM/lib386/nt\plbxmt3r.lib(areaexc.cpp)
004137f0       ___EXC_AREA
Module: C:\WATCOM/lib386/nt\plbxmt3r.lib(tssize.cpp)
0040c9a4       __wcpp_4_ts_size__
Module: C:\WATCOM/lib386/nt\clib3r.lib(_strcmp)
0040c9e0       strcmp_
Module: C:\WATCOM/lib386/nt\plbxmt3r.lib(stfgnslk.cpp)
0040cb20       __lock near * near __get_next_streambuf_lock()
Module: C:\WATCOM/lib386/nt\plbxmt3r.lib(stfpbfai.cpp)
0040cb80       int near std::streambuf::pbackfail( int )
Module: C:\WATCOM/lib386/nt\plbxmt3r.lib(stfsbuf.cpp)
0040cb90       std::streambuf near * near std::streambuf::setbuf( char near *, int )
Module: C:\WATCOM/lib386/nt\clib3r.lib(lseek.c)
0040cc70       lseek_
Module: C:\WATCOM/lib386/nt\clib3r.lib(write.c)
0040cf20       write_
Module: C:\WATCOM/lib386/nt\clib3r.lib(tellwnt.c)
0040d180       tell_
Module: C:\WATCOM/lib386/nt\clib3r.lib(memmove.c)
0040d1d0       memmove_
Module: C:\WATCOM/lib386/nt\clib3r.lib(read.c)
0040d230       read_
Module: C:\WATCOM/lib386/nt\plbxmt3r.lib(stfsetb.cpp)
0040d3c0       void near std::streambuf::setb( char near *, char near *, int )
Module: C:\WATCOM/lib386/nt\plbxmt3r.lib(sisema.cpp)
0040d480       __wcpp_4_static_init__
Module: C:\WATCOM/lib386/nt\plbxmt3r.lib(stabact.cpp)
0040d4c0       __wcpp_4_ctor_array__
Module: C:\WATCOM/lib386/nt\plbxmt3r.lib(stablcl.cpp)
0040d560       __wcpp_4_lcl_register__
Module: C:\WATCOM/lib386/nt\plbxmt3r.lib(moddtorr.cpp)
00414d5a       ___wcpp_4_data_module_dtor_ref_
Module: C:\WATCOM/lib386/nt\clib3r.lib(stricmp.c)
0040d570       stricmp_
Module: C:\WATCOM/lib386/nt\clib3r.lib(mbspbrk.c)
0040d5b0       _mbspbrk_
Module: C:\WATCOM/lib386/nt\clib3r.lib(gtcwdwnt.c)
0040d600       getcwd_
Module: C:\WATCOM/lib386/nt\clib3r.lib(fullpath.c)
0040d6a0+      _sys_fullpath_
0040d730       _fullpath_
Module: C:\WATCOM/lib386/nt\clib3r.lib(mbsinc.c)
0040d7a0       _mbsinc_
Module: C:\WATCOM/lib386/nt\clib3r.lib(dosret.c)
0040d7d0*      _dosretax_
0040d7e0*      _dosret0_
0040d7f0       __set_errno_dos_
0040d820       __set_errno_nt_
Module: C:\WATCOM/lib386/nt\clib3r.lib(tolower.c)
0040d840       tolower_
Module: C:\WATCOM/lib386/nt\clib3r.lib(ntdirinf.c)
0040d850       __MakeDOSDT_
0040d880*      __FromDOSDT_
0040d8b0*      __GetNTDirInfo_
0040d8f0*      __NTFindNextFileWithAttr_
Module: C:\WATCOM/lib386/nt\clib3r.lib(d2ttime.c)
0040d950       _d2ttime_
Module: C:\WATCOM/lib386/nt\clib3r.lib(ntfio.c)
0040d9c0*      __GetNTCreateAttr_
0040da00       __GetNTAccessAttr_
0040da30       __GetNTShareAttr_
Module: C:\WATCOM/lib386/nt\clib3r.lib(umaskval.c)
00414904       ___umaskval
Module: C:\WATCOM/lib386/nt\clib3r.lib(isattwnt.c)
0040da90       isatty_
Module: C:\WATCOM/lib386/nt\clib3r.lib(iob.c)
00414908       ___iob
00414b10       __fmode
0041d598       ___OpenStreams
0041d59c       ___ClosedStreams
Module: C:\WATCOM/lib386/nt\clib3r.lib(ljmphdl.c)
00414b14       ___longjmp_handler
Module: C:\WATCOM/lib386/nt\plbxmt3r.lib(istipfx.cpp)
0040dac0       int near std::istream::ipfx( int )
Module: C:\WATCOM/lib386/nt\clib3r.lib(mbinit.c)
0040dba6       __mbinit_
00414b18       ___MBCodePage
Module: C:\WATCOM/lib386/nt\clib3r.lib(alphabet.c)
00412544       ___Alphabet
Module: C:\WATCOM/lib386/nt\clib3r.lib(register.c)
0040dcb0       __initthread_
0040dcc0*      _beginthread_
0040dcd0       _endthread_
0040dce0*      __RegisterThreadData_
Module: C:\WATCOM/lib386/nt\clib3r.lib(getenv.c)
0040dd30       getenv_
Module: C:\WATCOM/lib386/nt\clib3r.lib(strncpy.c)
0040ddc0       strncpy_
Module: C:\WATCOM/lib386/nt\clib3r.lib(strtol.c)
0040e020*      strtoul_
0040e030       strtol_
Module: C:\WATCOM/lib386/nt\clib3r.lib(putenv.c)
0040e040       putenv_
0040e2d0       __putenv_
Module: C:\WATCOM/lib386/nt\clib3r.lib(lseekwnt.c)
0040e440       __lseek_
Module: C:\WATCOM/lib386/nt\plbxmt3r.lib(stabmod.cpp)
0040e480       __wcpp_4_module_dtor__
0040e4bc       __wcpp_4_mod_register__
Module: C:\WATCOM/lib386/nt\clib3r.lib(mbterm.c)
0040e4f0       _mbterm_
Module: C:\WATCOM/lib386/nt\clib3r.lib(mbsnextc.c)
0040e530       _mbsnextc_
Module: C:\WATCOM/lib386/nt\clib3r.lib(mbschr.c)
0040e570       _mbschr_
Module: C:\WATCOM/lib386/nt\clib3r.lib(mktime.c)
0040e5d0       mktime_
Module: C:\WATCOM/lib386/nt\clib3r.lib(initfile.c)
0040e690       __InitFiles_
Module: C:\WATCOM/lib386/nt\clib3r.lib(ioexit.c)
0040e790*      fcloseall_
0040e7a0       __full_io_exit_
Module: C:\WATCOM/lib386/nt\clib3r.lib(thredwnt.c)
0040e870       __CBeginThread_
0040e910       __CEndThread_
Module: C:\WATCOM/lib386/nt\clib3r.lib(mbcupper.c)
0040e950       _mbctoupper_
Module: C:\WATCOM/lib386/nt\clib3r.lib(mbslen.c)
0040e980       _mbslen_
Module: C:\WATCOM/lib386/nt\clib3r.lib(mbstowcs.c)
0040e9b0       mbstowcs_
Module: C:\WATCOM/lib386/nt\clib3r.lib(uputenv.c)
0040ea30*      _wputenv_
0040ec50       __wputenv_
Module: C:\WATCOM/lib386/nt\clib3r.lib(toupper.c)
0040ed50       toupper_
Module: C:\WATCOM/lib386/nt\clib3r.lib(mbconv.c)
0040ed60       _mbvtop_
Module: C:\WATCOM/lib386/nt\clib3r.lib(mbclen.c)
0040ed80       _mbclen_
Module: C:\WATCOM/lib386/nt\clib3r.lib(mbccmp.c)
0040edb0       _mbccmp_
Module: C:\WATCOM/lib386/nt\clib3r.lib(locmktim.c)
0040edf0       __local_mktime_
Module: C:\WATCOM/lib386/nt\clib3r.lib(gmtime.c)
0040efb0       __brktime_
0040f0b0+      _gmtime_
0040f0d0*      gmtime_
Module: C:\WATCOM/lib386/nt\clib3r.lib(tzset.c)
00414bb4       ___start_dst
00414bd8       ___end_dst
00414d00*      _tzname
00414d08       _timezone
00414d0c       _daylight
00414d10       ___dst_adjust
0040f100*      __DontCacheOSTZ_
0040f110*      __CacheOSTZ_
0040f370+      __parse_tz_
0040f690       tzset_
Module: C:\WATCOM/lib386/nt\clib3r.lib(timeutil.c)
0040f800       __isindst_
Module: C:\WATCOM/lib386/nt\clib3r.lib(fclose.c)
0040fb30+      __doclose_
0040fbd0       __shutdown_stream_
0040fbf0*      fclose_
0041d5a0+      ___RmTmpFileFn
Module: C:\WATCOM/lib386/nt\clib3r.lib(freefp.c)
0040fc40       __freefp_
0040fc90       __purgefp_
Module: C:\WATCOM/lib386/nt\clib3r.lib(mbtowc.c)
0040fcc0       mbtowc_
Module: C:\WATCOM/lib386/nt\clib3r.lib(ustrchr.c)
0040fd51       wcschr_
Module: C:\WATCOM/lib386/nt\clib3r.lib(setenvar.c)
0040fd70       __lib_SetEnvironmentVariableW_
Module: C:\WATCOM/lib386/nt\clib3r.lib(crtwenv.c)
0040fe60       __create_wide_environment_
Module: C:\WATCOM/lib386/nt\clib3r.lib(wcstombs.c)
0040fed0       wcstombs_
Module: C:\WATCOM/lib386/nt\clib3r.lib(utoupper.c)
0040ff6f       towupper_
Module: C:\WATCOM/lib386/nt\clib3r.lib(leapyear.c)
0040ff80       __leapyear_
0041256c       ___diyr
00412586       ___dilyr
Module: C:\WATCOM/lib386/nt\clib3r.lib(flush.c)
0040ffc0       __flush_
Module: C:\WATCOM/lib386/nt\clib3r.lib(fsync.c)
004100c0       fsync_
Module: C:\WATCOM/lib386/nt\clib3r.lib(qwrit.c)
00410110       __qwrite_
Module: C:\WATCOM/lib386/nt\plbxmt3r.lib(stfdsgtn.cpp)
00410200       int near std::streambuf::do_sgetn( char near *, int )
Module: C:\WATCOM/lib386/nt\plbxmt3r.lib(stfseeko.cpp)
00410300       long near std::streambuf::seekoff( long, int, int )
Module: C:\WATCOM/lib386/nt\plbxmt3r.lib(stfsync.cpp)
00410310       int near std::streambuf::sync()


                        +----------------------+
                        |   Imported Symbols   |
                        +----------------------+

Symbol                              Module
======                              ======

_GetWindowRect@8                    USER32.DLL
_MoveWindow@24                      USER32.DLL
_DeleteObject@4                     GDI32.DLL
_CreateCompatibleBitmap@12          GDI32.DLL
_SetDIBits@28                       GDI32.DLL
_SelectObject@8                     GDI32.DLL
_RedrawWindow@16                    USER32.DLL
_GetOpenFileNameA@4                 COMDLG32.DLL
_GetDlgItemInt@16                   USER32.DLL
_IsDlgButtonChecked@8               USER32.DLL
_MessageBoxA@16                     USER32.DLL
_SetDlgItemInt@16                   USER32.DLL
_CheckDlgButton@12                  USER32.DLL
_SetDlgItemTextA@12                 USER32.DLL
_SendMessageA@16                    USER32.DLL
_GetDC@4                            USER32.DLL
_CreateCompatibleDC@4               GDI32.DLL
_ReleaseDC@8                        USER32.DLL
_EndDialog@8                        USER32.DLL
_BitBlt@36                          GDI32.DLL
_DialogBoxParamA@20                 USER32.DLL
_GetStdHandle@4                     KERNEL32.DLL
_WriteFile@20                       KERNEL32.DLL
_GetEnvironmentStringsA@0           KERNEL32.DLL
_GetVersion@0                       KERNEL32.DLL
_GetModuleFileNameA@12              KERNEL32.DLL
_GetCommandLineA@0                  KERNEL32.DLL
_GetCommandLineW@0                  KERNEL32.DLL
_FreeEnvironmentStringsA@4          KERNEL32.DLL
_GetModuleHandleA@4                 KERNEL32.DLL
_ExitProcess@4                      KERNEL32.DLL
_RtlUnwind@16                       KERNEL32.DLL
_VirtualAlloc@16                    KERNEL32.DLL
_SetStdHandle@8                     KERNEL32.DLL
_CreateEventA@16                    KERNEL32.DLL
_CloseHandle@4                      KERNEL32.DLL
_GetModuleFileNameW@12              KERNEL32.DLL
_MultiByteToWideChar@24             KERNEL32.DLL
_LoadLibraryA@4                     KERNEL32.DLL
_GetProcAddress@8                   KERNEL32.DLL
_SetUnhandledExceptionFilter@4      KERNEL32.DLL
_UnhandledExceptionFilter@4         KERNEL32.DLL
_VirtualQuery@12                    KERNEL32.DLL
_RaiseException@16                  KERNEL32.DLL
_VirtualFree@12                     KERNEL32.DLL
_InitializeCriticalSection@4        KERNEL32.DLL
_DeleteCriticalSection@4            KERNEL32.DLL
_GetCurrentThreadId@0               KERNEL32.DLL
_EnterCriticalSection@4             KERNEL32.DLL
_LeaveCriticalSection@4             KERNEL32.DLL
_GetLastError@0                     KERNEL32.DLL
_TlsGetValue@4                      KERNEL32.DLL
_SetLastError@4                     KERNEL32.DLL
_TlsAlloc@0                         KERNEL32.DLL
_TlsFree@4                          KERNEL32.DLL
_TlsSetValue@8                      KERNEL32.DLL
_CreateFileA@28                     KERNEL32.DLL
_SetConsoleCtrlHandler@8            KERNEL32.DLL
_GetFileType@4                      KERNEL32.DLL
_GetDriveTypeA@4                    KERNEL32.DLL
_FindFirstFileA@8                   KERNEL32.DLL
_FindClose@4                        KERNEL32.DLL
_WideCharToMultiByte@32             KERNEL32.DLL
_SetFilePointer@16                  KERNEL32.DLL
_ReadFile@20                        KERNEL32.DLL
_GetCurrentDirectoryA@8             KERNEL32.DLL
_GetFullPathNameA@16                KERNEL32.DLL
_FileTimeToLocalFileTime@8          KERNEL32.DLL
_FileTimeToDosDateTime@12           KERNEL32.DLL
_DosDateTimeToFileTime@12           KERNEL32.DLL
_LocalFileTimeToFileTime@8          KERNEL32.DLL
_FindNextFileA@8                    KERNEL32.DLL
_GetACP@0                           KERNEL32.DLL
_GetOEMCP@0                         KERNEL32.DLL
_GetCPInfo@8                        KERNEL32.DLL
_SetEnvironmentVariableA@8          KERNEL32.DLL
_CreateThread@24                    KERNEL32.DLL
_ResumeThread@4                     KERNEL32.DLL
_ExitThread@4                       KERNEL32.DLL
_CharUpperA@4                       USER32.DLL
_GetTimeZoneInformation@4           KERNEL32.DLL
_SetEnvironmentVariableW@8          KERNEL32.DLL
_FlushFileBuffers@4                 KERNEL32.DLL


                        +--------------------+
                        |   Libraries Used   |
                        +--------------------+

C:\WATCOM/lib386/nt\kernel32.lib
C:\WATCOM/lib386/nt\user32.lib
C:\WATCOM/lib386/nt\gdi32.lib
C:\WATCOM/lib386/nt\comdlg32.lib
C:\WATCOM/lib386/nt\clib3r.lib
C:\WATCOM/lib386/nt\plbxmt3r.lib


                        +-----------------------+
                        |   Linker Statistics   |
                        +-----------------------+

Stack size:  0000 (0.)
Memory size:  0001b41e (111646.)
Entry point address: 004037c0
Link time: 00:00.47
